// Jest Snapshot v1, https://goo.gl/fbAQLP

exports[`component.UI.Heading should render correctly 1`] = `
.c0 {
  box-sizing: border-box;
  margin: 0;
  min-width: 0;
  font-size: 4px;
  font-family: Roboto,system-ui,sans-serif;
  font-weight: 300;
  line-height: 1.4;
  color: #ffffff;
  font-size: 18px;
  font-weight: 300;
  line-height: 1.4;
}

<h2
  className="c0"
  color="primaryText"
  fontSize="xl"
  fontWeight="light"
>
  Heading here
</h2>
`;
