// Jest Snapshot v1, https://goo.gl/fbAQLP

exports[`component.UI.Page should render correctly 1`] = `
.c0 {
  box-sizing: border-box;
  margin: 0;
  min-width: 0;
  overflow: hidden;
  position: relative;
  box-shadow: 0 20px 70px 0 rgba(0,0,0,0.6);
  background-color: #242633;
  color: #ffffff;
  height: 100%;
  min-height: 425px;
  min-width: 900px;
  display: -webkit-box;
  display: -webkit-flex;
  display: -ms-flexbox;
  display: flex;
}

<article
  className="c0"
  color="primaryText"
  height="100%"
/>
`;
