// Jest Snapshot v1, https://goo.gl/fbAQLP

exports[`component.UI.Sidebar should render correctly 1`] = `
.c0 {
  box-sizing: border-box;
  margin: 0;
  min-width: 0;
  overflow: hidden;
  box-shadow: m;
  z-index: 1;
  color: primaryText;
  -webkit-flex-direction: column;
  -ms-flex-direction: column;
  flex-direction: column;
  width: 33.33333333333333%;
  display: -webkit-box;
  display: -webkit-flex;
  display: -ms-flexbox;
  display: flex;
}

<aside
  className="c0"
  color="primaryText"
  width={0.3333333333333333}
/>
`;
